// Jest Snapshot v1, https://goo.gl/fbAQLP

exports[`<Footer /> should render correctly 1`] = `
<footer
  className="footer"
>
  <div
    className="container"
  >
    <div
      className="content has-text-centered"
    >
      <p>
        Â© Easy Board. Open Source under MIT License.
      </p>
    </div>
  </div>
</footer>
`;
